// Jest Snapshot v1, https://goo.gl/fbAQLP

exports[`<GetCards /> renders correctly 1`] = `
<View
  style={
    [
      {
        "alignItems": "center",
        "height": 68,
        "justifyContent": "center",
        "marginHorizontal": 20,
        "marginTop": 20,
        "padding": 3,
        "width": 340,
      },
      {
        "borderColor": "#ffd33d",
        "borderRadius": 18,
        "borderWidth": 4,
      },
    ]
  }
>
  <View
    accessibilityState={
      {
        "busy": undefined,
        "checked": undefined,
        "disabled": undefined,
        "expanded": undefined,
        "selected": undefined,
      }
    }
    accessibilityValue={
      {
        "max": undefined,
        "min": undefined,
        "now": undefined,
        "text": undefined,
      }
    }
    accessible={true}
    collapsable={false}
    focusable={true}
    onBlur={[Function]}
    onClick={[Function]}
    onFocus={[Function]}
    onResponderGrant={[Function]}
    onResponderMove={[Function]}
    onResponderRelease={[Function]}
    onResponderTerminate={[Function]}
    onResponderTerminationRequest={[Function]}
    onStartShouldSetResponder={[Function]}
    style={
      [
        {
          "alignItems": "center",
          "borderRadius": 10,
          "flexDirection": "row",
          "height": "100%",
          "justifyContent": "center",
          "width": "100%",
        },
        {
          "backgroundColor": "yellow",
        },
      ]
    }
  >
    <Text
      style={
        [
          {
            "color": "#fff",
            "fontSize": 18,
            "fontWeight": "bold",
            "textAlign": "center",
          },
          {
            "color": "#25292e",
          },
        ]
      }
    >
      Get Cards
    </Text>
  </View>
</View>
`;
